apiVersion: automation.cloudbees.io/v1alpha1
jobs: null
kind: workflow
name: build

on:
  push:
    branches: ["**"]
