apiVersion: automation.cloudbees.io/v1alpha1
kind: workflow
name: build

on:
  push:
    branches: ["**"]

jobs:
  cs-test:
    steps:
      - name: checkout
        uses: cloudbees-io/checkout@v1
      - name: build solution.sln
        run: dotnet build testdata/csharp/input/with-solution/solution.sln
        uses: docker://mcr.microsoft.com/dotnet/sdk:7.0
      - name: Test solution.sln
        run: dotnet test testdata/csharp/input/with-solution/solution.sln
        uses: docker://mcr.microsoft.com/dotnet/sdk:7.0
      - name: Scan
        uses: cloudbees-io/sonarqube-bundled-sast-scan-code@v2
        with:
          language: LANGUAGE_DOTNET
